[2024-11-10T19:21:49.404-0500][gc,heap] Heap region size: 1M
[2024-11-10T19:21:49.412-0500][gc     ] Using G1
[2024-11-10T19:21:49.412-0500][gc,heap,coops] Heap address: 0x00000000c0000000, size: 1024 MB, Compressed Oops mode: 32-bit
[2024-11-10T19:21:49.412-0500][gc,cds       ] Mark closed archive regions in map: [0x00000000fff00000, 0x00000000fff6cff8]
[2024-11-10T19:21:49.412-0500][gc,cds       ] Mark open archive regions in map: [0x00000000ffe00000, 0x00000000ffe47ff8]
[2024-11-10T19:21:50.118-0500][gc,start     ] GC(0) Pause Young (Normal) (G1 Evacuation Pause)
[2024-11-10T19:21:50.118-0500][gc,task      ] GC(0) Using 4 workers of 4 for evacuation
[2024-11-10T19:21:50.128-0500][gc,phases    ] GC(0)   Pre Evacuate Collection Set: 0.0ms
[2024-11-10T19:21:50.128-0500][gc,phases    ] GC(0)   Evacuate Collection Set: 8.8ms
[2024-11-10T19:21:50.128-0500][gc,phases    ] GC(0)   Post Evacuate Collection Set: 0.4ms
[2024-11-10T19:21:50.128-0500][gc,phases    ] GC(0)   Other: 0.5ms
[2024-11-10T19:21:50.128-0500][gc,heap      ] GC(0) Eden regions: 51->0(44)
[2024-11-10T19:21:50.128-0500][gc,heap      ] GC(0) Survivor regions: 0->7(7)
[2024-11-10T19:21:50.128-0500][gc,heap      ] GC(0) Old regions: 2->3
[2024-11-10T19:21:50.128-0500][gc,heap      ] GC(0) Humongous regions: 0->0
[2024-11-10T19:21:50.128-0500][gc,metaspace ] GC(0) Metaspace: 13367K(13952K)->13367K(13952K) NonClass: 11687K(12032K)->11687K(12032K) Class: 1679K(1920K)->1679K(1920K)
[2024-11-10T19:21:50.128-0500][gc           ] GC(0) Pause Young (Normal) (G1 Evacuation Pause) 51M->8M(1024M) 9.728ms
[2024-11-10T19:21:50.128-0500][gc,cpu       ] GC(0) User=0.03s Sys=0.01s Real=0.01s
[2024-11-10T19:21:50.431-0500][gc,start     ] GC(1) Pause Young (Concurrent Start) (Metadata GC Threshold)
[2024-11-10T19:21:50.432-0500][gc,task      ] GC(1) Using 4 workers of 4 for evacuation
[2024-11-10T19:21:50.440-0500][gc,phases    ] GC(1)   Pre Evacuate Collection Set: 0.1ms
[2024-11-10T19:21:50.440-0500][gc,phases    ] GC(1)   Evacuate Collection Set: 8.1ms
[2024-11-10T19:21:50.440-0500][gc,phases    ] GC(1)   Post Evacuate Collection Set: 0.3ms
[2024-11-10T19:21:50.440-0500][gc,phases    ] GC(1)   Other: 0.2ms
[2024-11-10T19:21:50.440-0500][gc,heap      ] GC(1) Eden regions: 39->0(49)
[2024-11-10T19:21:50.440-0500][gc,heap      ] GC(1) Survivor regions: 7->2(7)
[2024-11-10T19:21:50.440-0500][gc,heap      ] GC(1) Old regions: 3->10
[2024-11-10T19:21:50.440-0500][gc,heap      ] GC(1) Humongous regions: 0->0
[2024-11-10T19:21:50.440-0500][gc,metaspace ] GC(1) Metaspace: 20619K(21248K)->20619K(21248K) NonClass: 18358K(18688K)->18358K(18688K) Class: 2261K(2560K)->2261K(2560K)
[2024-11-10T19:21:50.440-0500][gc           ] GC(1) Pause Young (Concurrent Start) (Metadata GC Threshold) 46M->9M(1024M) 8.824ms
[2024-11-10T19:21:50.440-0500][gc,cpu       ] GC(1) User=0.03s Sys=0.00s Real=0.01s
[2024-11-10T19:21:50.440-0500][gc           ] GC(2) Concurrent Cycle
[2024-11-10T19:21:50.440-0500][gc,marking   ] GC(2) Concurrent Clear Claimed Marks
[2024-11-10T19:21:50.440-0500][gc,marking   ] GC(2) Concurrent Clear Claimed Marks 0.020ms
[2024-11-10T19:21:50.440-0500][gc,marking   ] GC(2) Concurrent Scan Root Regions
[2024-11-10T19:21:50.442-0500][gc,marking   ] GC(2) Concurrent Scan Root Regions 1.149ms
[2024-11-10T19:21:50.442-0500][gc,marking   ] GC(2) Concurrent Mark (1.041s)
[2024-11-10T19:21:50.442-0500][gc,marking   ] GC(2) Concurrent Mark From Roots
[2024-11-10T19:21:50.442-0500][gc,task      ] GC(2) Using 1 workers of 1 for marking
[2024-11-10T19:21:50.449-0500][gc,marking   ] GC(2) Concurrent Mark From Roots 7.836ms
[2024-11-10T19:21:50.449-0500][gc,marking   ] GC(2) Concurrent Preclean
[2024-11-10T19:21:50.450-0500][gc,marking   ] GC(2) Concurrent Preclean 0.057ms
[2024-11-10T19:21:50.450-0500][gc,marking   ] GC(2) Concurrent Mark (1.041s, 1.049s) 7.919ms
[2024-11-10T19:21:50.450-0500][gc,start     ] GC(2) Pause Remark
[2024-11-10T19:21:50.455-0500][gc,stringtable] GC(2) Cleaned string and symbol table, strings: 6480 processed, 0 removed, symbols: 49086 processed, 47 removed
[2024-11-10T19:21:50.455-0500][gc            ] GC(2) Pause Remark 12M->12M(1024M) 5.586ms
[2024-11-10T19:21:50.455-0500][gc,cpu        ] GC(2) User=0.02s Sys=0.00s Real=0.00s
[2024-11-10T19:21:50.455-0500][gc,marking    ] GC(2) Concurrent Rebuild Remembered Sets
[2024-11-10T19:21:50.460-0500][gc,marking    ] GC(2) Concurrent Rebuild Remembered Sets 5.193ms
[2024-11-10T19:21:50.461-0500][gc,start      ] GC(2) Pause Cleanup
[2024-11-10T19:21:50.461-0500][gc            ] GC(2) Pause Cleanup 13M->13M(1024M) 0.186ms
[2024-11-10T19:21:50.461-0500][gc,cpu        ] GC(2) User=0.00s Sys=0.00s Real=0.00s
[2024-11-10T19:21:50.461-0500][gc,marking    ] GC(2) Concurrent Cleanup for Next Mark
[2024-11-10T19:21:50.466-0500][gc,marking    ] GC(2) Concurrent Cleanup for Next Mark 5.186ms
[2024-11-10T19:21:50.466-0500][gc            ] GC(2) Concurrent Cycle 25.590ms
[2024-11-10T19:21:50.920-0500][gc,start      ] GC(3) Pause Young (Normal) (G1 Evacuation Pause)
[2024-11-10T19:21:50.920-0500][gc,task       ] GC(3) Using 4 workers of 4 for evacuation
[2024-11-10T19:21:50.924-0500][gc,phases     ] GC(3)   Pre Evacuate Collection Set: 0.0ms
[2024-11-10T19:21:50.924-0500][gc,phases     ] GC(3)   Evacuate Collection Set: 3.5ms
[2024-11-10T19:21:50.924-0500][gc,phases     ] GC(3)   Post Evacuate Collection Set: 0.3ms
[2024-11-10T19:21:50.924-0500][gc,phases     ] GC(3)   Other: 0.1ms
[2024-11-10T19:21:50.924-0500][gc,heap       ] GC(3) Eden regions: 49->0(47)
[2024-11-10T19:21:50.924-0500][gc,heap       ] GC(3) Survivor regions: 2->4(7)
[2024-11-10T19:21:50.924-0500][gc,heap       ] GC(3) Old regions: 10->10
[2024-11-10T19:21:50.924-0500][gc,heap       ] GC(3) Humongous regions: 0->0
[2024-11-10T19:21:50.924-0500][gc,metaspace  ] GC(3) Metaspace: 24212K(25216K)->24212K(25216K) NonClass: 21379K(22016K)->21379K(22016K) Class: 2832K(3200K)->2832K(3200K)
[2024-11-10T19:21:50.924-0500][gc            ] GC(3) Pause Young (Normal) (G1 Evacuation Pause) 58M->11M(1024M) 4.044ms
[2024-11-10T19:21:50.924-0500][gc,cpu        ] GC(3) User=0.02s Sys=0.00s Real=0.00s
[2024-11-10T19:21:51.280-0500][gc,start      ] GC(4) Pause Young (Normal) (G1 Evacuation Pause)
[2024-11-10T19:21:51.280-0500][gc,task       ] GC(4) Using 4 workers of 4 for evacuation
[2024-11-10T19:21:51.283-0500][gc,phases     ] GC(4)   Pre Evacuate Collection Set: 0.0ms
[2024-11-10T19:21:51.283-0500][gc,phases     ] GC(4)   Evacuate Collection Set: 3.4ms
[2024-11-10T19:21:51.283-0500][gc,phases     ] GC(4)   Post Evacuate Collection Set: 0.3ms
[2024-11-10T19:21:51.283-0500][gc,phases     ] GC(4)   Other: 0.1ms
[2024-11-10T19:21:51.283-0500][gc,heap       ] GC(4) Eden regions: 47->0(46)
[2024-11-10T19:21:51.283-0500][gc,heap       ] GC(4) Survivor regions: 4->5(7)
[2024-11-10T19:21:51.283-0500][gc,heap       ] GC(4) Old regions: 10->10
[2024-11-10T19:21:51.283-0500][gc,heap       ] GC(4) Humongous regions: 13->13
[2024-11-10T19:21:51.283-0500][gc,metaspace  ] GC(4) Metaspace: 31735K(33024K)->31735K(33024K) NonClass: 28095K(28928K)->28095K(28928K) Class: 3639K(4096K)->3639K(4096K)
[2024-11-10T19:21:51.284-0500][gc            ] GC(4) Pause Young (Normal) (G1 Evacuation Pause) 71M->25M(1024M) 3.968ms
[2024-11-10T19:21:51.284-0500][gc,cpu        ] GC(4) User=0.01s Sys=0.00s Real=0.00s
[2024-11-10T19:21:51.539-0500][gc,start      ] GC(5) Pause Young (Concurrent Start) (Metadata GC Threshold)
[2024-11-10T19:21:51.539-0500][gc,task       ] GC(5) Using 4 workers of 4 for evacuation
[2024-11-10T19:21:51.544-0500][gc,phases     ] GC(5)   Pre Evacuate Collection Set: 0.1ms
[2024-11-10T19:21:51.544-0500][gc,phases     ] GC(5)   Evacuate Collection Set: 4.7ms
[2024-11-10T19:21:51.544-0500][gc,phases     ] GC(5)   Post Evacuate Collection Set: 0.4ms
[2024-11-10T19:21:51.544-0500][gc,phases     ] GC(5)   Other: 0.2ms
[2024-11-10T19:21:51.544-0500][gc,heap       ] GC(5) Eden regions: 46->0(47)
[2024-11-10T19:21:51.544-0500][gc,heap       ] GC(5) Survivor regions: 5->4(7)
[2024-11-10T19:21:51.544-0500][gc,heap       ] GC(5) Old regions: 10->11
[2024-11-10T19:21:51.544-0500][gc,heap       ] GC(5) Humongous regions: 15->11
[2024-11-10T19:21:51.544-0500][gc,metaspace  ] GC(5) Metaspace: 34521K(35840K)->34521K(35840K) NonClass: 30576K(31360K)->30576K(31360K) Class: 3944K(4480K)->3944K(4480K)
[2024-11-10T19:21:51.544-0500][gc            ] GC(5) Pause Young (Concurrent Start) (Metadata GC Threshold) 72M->24M(1024M) 5.483ms
[2024-11-10T19:21:51.544-0500][gc,cpu        ] GC(5) User=0.02s Sys=0.00s Real=0.00s
[2024-11-10T19:21:51.544-0500][gc            ] GC(6) Concurrent Cycle
[2024-11-10T19:21:51.544-0500][gc,marking    ] GC(6) Concurrent Clear Claimed Marks
[2024-11-10T19:21:51.544-0500][gc,marking    ] GC(6) Concurrent Clear Claimed Marks 0.043ms
[2024-11-10T19:21:51.544-0500][gc,marking    ] GC(6) Concurrent Scan Root Regions
[2024-11-10T19:21:51.547-0500][gc,marking    ] GC(6) Concurrent Scan Root Regions 2.981ms
[2024-11-10T19:21:51.547-0500][gc,marking    ] GC(6) Concurrent Mark (2.146s)
[2024-11-10T19:21:51.547-0500][gc,marking    ] GC(6) Concurrent Mark From Roots
[2024-11-10T19:21:51.547-0500][gc,task       ] GC(6) Using 1 workers of 1 for marking
[2024-11-10T19:21:51.560-0500][gc,marking    ] GC(6) Concurrent Mark From Roots 12.935ms
[2024-11-10T19:21:51.560-0500][gc,marking    ] GC(6) Concurrent Preclean
[2024-11-10T19:21:51.560-0500][gc,marking    ] GC(6) Concurrent Preclean 0.078ms
[2024-11-10T19:21:51.560-0500][gc,marking    ] GC(6) Concurrent Mark (2.146s, 2.159s) 13.051ms
[2024-11-10T19:21:51.570-0500][gc,start      ] GC(6) Pause Remark
[2024-11-10T19:21:51.573-0500][gc,stringtable] GC(6) Cleaned string and symbol table, strings: 10227 processed, 9 removed, symbols: 83084 processed, 16 removed
[2024-11-10T19:21:51.573-0500][gc            ] GC(6) Pause Remark 28M->28M(1024M) 3.189ms
[2024-11-10T19:21:51.573-0500][gc,cpu        ] GC(6) User=0.01s Sys=0.00s Real=0.00s
[2024-11-10T19:21:51.573-0500][gc,marking    ] GC(6) Concurrent Rebuild Remembered Sets
[2024-11-10T19:21:51.593-0500][gc,marking    ] GC(6) Concurrent Rebuild Remembered Sets 19.568ms
[2024-11-10T19:21:51.593-0500][gc,start      ] GC(6) Pause Cleanup
[2024-11-10T19:21:51.593-0500][gc            ] GC(6) Pause Cleanup 31M->31M(1024M) 0.190ms
[2024-11-10T19:21:51.593-0500][gc,cpu        ] GC(6) User=0.00s Sys=0.00s Real=0.00s
[2024-11-10T19:21:51.593-0500][gc,marking    ] GC(6) Concurrent Cleanup for Next Mark
[2024-11-10T19:21:51.601-0500][gc,marking    ] GC(6) Concurrent Cleanup for Next Mark 8.493ms
[2024-11-10T19:21:51.602-0500][gc            ] GC(6) Concurrent Cycle 57.400ms
[2024-11-10T19:22:59.922-0500][gc,start      ] GC(7) Pause Young (Normal) (G1 Evacuation Pause)
[2024-11-10T19:22:59.922-0500][gc,task       ] GC(7) Using 4 workers of 4 for evacuation
[2024-11-10T19:22:59.941-0500][gc,phases     ] GC(7)   Pre Evacuate Collection Set: 0.2ms
[2024-11-10T19:22:59.941-0500][gc,phases     ] GC(7)   Evacuate Collection Set: 17.9ms
[2024-11-10T19:22:59.941-0500][gc,phases     ] GC(7)   Post Evacuate Collection Set: 0.5ms
[2024-11-10T19:22:59.941-0500][gc,phases     ] GC(7)   Other: 0.2ms
[2024-11-10T19:22:59.941-0500][gc,heap       ] GC(7) Eden regions: 47->0(44)
[2024-11-10T19:22:59.941-0500][gc,heap       ] GC(7) Survivor regions: 4->7(7)
[2024-11-10T19:22:59.941-0500][gc,heap       ] GC(7) Old regions: 11->13
[2024-11-10T19:22:59.941-0500][gc,heap       ] GC(7) Humongous regions: 140->140
[2024-11-10T19:22:59.941-0500][gc,metaspace  ] GC(7) Metaspace: 41358K(43392K)->41358K(43392K) NonClass: 36455K(37632K)->36455K(37632K) Class: 4902K(5760K)->4902K(5760K)
[2024-11-10T19:22:59.941-0500][gc            ] GC(7) Pause Young (Normal) (G1 Evacuation Pause) 200M->157M(1024M) 18.780ms
[2024-11-10T19:22:59.941-0500][gc,cpu        ] GC(7) User=0.03s Sys=0.01s Real=0.02s
[2024-11-10T19:23:07.842-0500][gc,heap,exit  ] Heap
[2024-11-10T19:23:07.842-0500][gc,heap,exit  ]  garbage-first heap   total 1048576K, used 177486K [0x00000000c0000000, 0x0000000100000000)
[2024-11-10T19:23:07.842-0500][gc,heap,exit  ]   region size 1024K, 24 young (24576K), 7 survivors (7168K)
[2024-11-10T19:23:07.842-0500][gc,heap,exit  ]  Metaspace       used 42391K, capacity 44425K, committed 44544K, reserved 1087488K
[2024-11-10T19:23:07.842-0500][gc,heap,exit  ]   class space    used 5164K, capacity 6126K, committed 6144K, reserved 1048576K
